[2026-09-03T19:25:15+00:00] start: PASSES=3, 4 arms, RO on, so=61f02a02345f3b2e27cef45de8ade0c2
== gemma4-12b-f16-fa-pin2x2  Thu Sep  3 19:25:15 UTC 2026 ==
### gemma4-12b-f16-fa-pin2x2 [fa1_unpin] pass 1  env=''  args=''  19:26:43  clk=600 MHz  MemAvail=31306324 kB
<!--PRED 1	fa1_unpin	memavail_kb=31306228	anonhuge_kb=0	hugepagesz_kb=2048	buddy=6917,4336,9535,7292,6178,5463,4936,4068,2089,164,225-->
<!--RO 1	fa1_unpin	wall_s=315	busy=4079,4061,4100,4085,13950,8915,9395,12063	busy_tot=60648	busy_little_share=0.2692	a55_cpu_cycles=313598073572	a55_inst_retired=196511351704	context_switches=9848126	a76_cpu_cycles=984382609156	a76_l3d_cache_refill=14360875248	a76_l2d_cache_refill=6961021214	cpu_migrations=30445	page_faults=947438	a76_dtlb_walk=804556954	a76_mem_access=260543712978	a76_inst_retired=1203048339401	a76_l1d_cache_refill=15680402342	a55_inst_share=0.1404	a76_ipc=1.222	l2ref_pki=5.786	l3ref_pki=11.937	l1dref_pki=13.034	memacc_pki=216.57	dtlbw_pki=0.6688	pmu_enabled=100.0	pmu_cpu_s=2511.8	who=at_s=8,rss_pg=6045792,settled=2	pfn_zero_frac=0.0000	maps=3	sampled=73728	present_frac=0.8192	l2color_cv=0.0088	l3color_cv=0.0152	contig_frac=0.9128	mean_run=11.2	vapa16=0.0062	gib_regions=32	anon_pg=12303	anon_l2cv=0.0118	anon_contig=0.9562	anon_run=21.8	anon_gib=32	file_pg=24576	file_l2cv=0.0019	file_contig=0.9928	file_run=109.2	file_gib=30	other_pg=23520	other_l2cv=0.0176	other_contig=0.8066	other_run=5.1	other_gib=32	ro_cost_ms=74-->
<!--DATA 1	fa1_unpin	pp2048	19.84-->

### gemma4-12b-f16-fa-pin2x2 [fa1_pin] pass 1  env='PIN_MASK=0xf0'  args='-t 4'  19:33:22  clk=600 MHz  MemAvail=31324792 kB
<!--PRED 1	fa1_pin	memavail_kb=31324792	anonhuge_kb=0	hugepagesz_kb=2048	buddy=5080,7126,10219,7489,6413,5421,4786,4070,2090,170,225-->
<!--RO 1	fa1_pin	wall_s=299	busy=241,228,225,311,14461,9474,9578,12701	busy_tot=47219	busy_little_share=0.0213	a55_cpu_cycles=41005890645	a55_inst_retired=8185969563	context_switches=9724245	a76_cpu_cycles=1021192116120	a76_l3d_cache_refill=15073450867	a76_l2d_cache_refill=7141022755	cpu_migrations=19289	page_faults=944244	a76_dtlb_walk=828365936	a76_mem_access=278820562258	a76_inst_retired=1289846377152	a76_l1d_cache_refill=20096905521	a55_inst_share=0.0063	a76_ipc=1.263	l2ref_pki=5.536	l3ref_pki=11.686	l1dref_pki=15.581	memacc_pki=216.17	dtlbw_pki=0.6422	pmu_enabled=100.0	pmu_cpu_s=2383.4	who=at_s=8,rss_pg=6044933,settled=2	pfn_zero_frac=0.0000	maps=3	sampled=73728	present_frac=0.8327	l2color_cv=0.0065	l3color_cv=0.0120	contig_frac=0.9173	mean_run=11.8	vapa16=0.0570	gib_regions=32	anon_pg=12845	anon_l2cv=0.0065	anon_contig=0.9844	anon_run=56.8	anon_gib=31	file_pg=24576	file_l2cv=0.0009	file_contig=0.9935	file_run=118.2	file_gib=32	other_pg=23970	other_l2cv=0.0157	other_contig=0.8032	other_run=5.0	other_gib=32	ro_cost_ms=92-->
<!--DATA 1	fa1_pin	pp2048	20.94-->

### gemma4-12b-f16-fa-pin2x2 [fa0_unpin] pass 1  env='ROCKET_FLASH_ATTN=0'  args=''  19:39:50  clk=600 MHz  MemAvail=31251384 kB
<!--PRED 1	fa0_unpin	memavail_kb=31251384	anonhuge_kb=0	hugepagesz_kb=2048	buddy=1895,3869,7858,7362,6341,5469,4775,4034,2065,180,233-->
<!--RO 1	fa0_unpin	wall_s=331	busy=10486,10680,10754,10767,17545,15105,14811,15853	busy_tot=106001	busy_little_share=0.4027	a55_cpu_cycles=763564283667	a55_inst_retired=410893771340	context_switches=9510349	a76_cpu_cycles=1382833478559	a76_l3d_cache_refill=13061164519	a76_l2d_cache_refill=7103476389	cpu_migrations=49853	page_faults=699020	a76_dtlb_walk=772059968	a76_mem_access=753822638323	a76_inst_retired=2318711568698	a76_l1d_cache_refill=70307762746	a55_inst_share=0.1505	a76_ipc=1.677	l2ref_pki=3.064	l3ref_pki=5.633	l1dref_pki=30.322	memacc_pki=325.10	dtlbw_pki=0.3330	pmu_enabled=100.0	pmu_cpu_s=2645.1	who=at_s=8,rss_pg=6045795,settled=2	pfn_zero_frac=0.0000	maps=3	sampled=73728	present_frac=0.8125	l2color_cv=0.0059	l3color_cv=0.0136	contig_frac=0.9575	mean_run=22.5	vapa16=0.0295	gib_regions=32	anon_pg=12303	anon_l2cv=0.0022	anon_contig=0.9820	anon_run=49.8	anon_gib=8	file_pg=24576	file_l2cv=0.0003	file_contig=0.9951	file_run=146.3	file_gib=30	other_pg=23025	other_l2cv=0.0160	other_contig=0.9042	other_run=10.2	other_gib=32	ro_cost_ms=87-->
<!--DATA 1	fa0_unpin	pp2048	18.83-->

### gemma4-12b-f16-fa-pin2x2 [fa0_pin] pass 1  env='ROCKET_FLASH_ATTN=0 PIN_MASK=0xf0'  args='-t 4'  19:46:46  clk=600 MHz  MemAvail=31306780 kB
<!--PRED 1	fa0_pin	memavail_kb=31306780	anonhuge_kb=0	hugepagesz_kb=2048	buddy=4959,8335,8427,7334,6209,5418,4791,4035,2070,212,218-->
<!--RO 1	fa0_pin	wall_s=320	busy=271,308,213,231,18990,17334,16585,17333	busy_tot=71265	busy_little_share=0.0144	a55_cpu_cycles=38736789365	a55_inst_retired=8013835518	context_switches=9344731	a76_cpu_cycles=1518128973463	a76_l3d_cache_refill=13267320562	a76_l2d_cache_refill=7383688615	cpu_migrations=18317	page_faults=696247	a76_dtlb_walk=805285511	a76_mem_access=856251916498	a76_inst_retired=2596393829849	a76_l1d_cache_refill=126886103387	a55_inst_share=0.0031	a76_ipc=1.710	l2ref_pki=2.844	l3ref_pki=5.110	l1dref_pki=48.870	memacc_pki=329.79	dtlbw_pki=0.3102	pmu_enabled=100.0	pmu_cpu_s=2555.3	who=at_s=8,rss_pg=6044936,settled=2	pfn_zero_frac=0.0000	maps=3	sampled=73728	present_frac=0.8240	l2color_cv=0.0136	l3color_cv=0.0231	contig_frac=0.8906	mean_run=9.0	vapa16=0.0138	gib_regions=32	anon_pg=13006	anon_l2cv=0.0162	anon_contig=0.9062	anon_run=10.4	anon_gib=32	file_pg=24576	file_l2cv=0.0006	file_contig=0.9942	file_run=128.7	file_gib=29	other_pg=23172	other_l2cv=0.0347	other_contig=0.7719	other_run=4.4	other_gib=32	ro_cost_ms=92-->
<!--DATA 1	fa0_pin	pp2048	19.52-->

### gemma4-12b-f16-fa-pin2x2 [fa1_pin] pass 2  env='PIN_MASK=0xf0'  args='-t 4'  19:53:30  clk=600 MHz  MemAvail=31254288 kB
<!--PRED 2	fa1_pin	memavail_kb=31254288	anonhuge_kb=0	hugepagesz_kb=2048	buddy=4455,7934,10878,7596,6340,4816,4702,4031,2054,213,221-->
<!--RO 2	fa1_pin	wall_s=296	busy=258,234,268,279,14166,9523,9639,12648	busy_tot=47015	busy_little_share=0.0221	a55_cpu_cycles=41568280164	a55_inst_retired=8395567468	context_switches=9725612	a76_cpu_cycles=1015854139514	a76_l3d_cache_refill=15030309815	a76_l2d_cache_refill=7116862499	cpu_migrations=19652	page_faults=943304	a76_dtlb_walk=813829302	a76_mem_access=278950415626	a76_inst_retired=1290281124179	a76_l1d_cache_refill=20053558021	a55_inst_share=0.0065	a76_ipc=1.270	l2ref_pki=5.516	l3ref_pki=11.649	l1dref_pki=15.542	memacc_pki=216.19	dtlbw_pki=0.6307	pmu_enabled=100.0	pmu_cpu_s=2358.9	who=at_s=8,rss_pg=6044936,settled=2	pfn_zero_frac=0.0000	maps=3	sampled=73728	present_frac=0.8291	l2color_cv=0.0101	l3color_cv=0.0227	contig_frac=0.8881	mean_run=8.8	vapa16=0.0600	gib_regions=32	anon_pg=13054	anon_l2cv=0.0011	anon_contig=0.9969	anon_run=194.8	anon_gib=4	file_pg=24576	file_l2cv=0.0008	file_contig=0.9949	file_run=142.9	file_gib=29	other_pg=23500	other_l2cv=0.0260	other_contig=0.7159	other_run=3.5	other_gib=32	ro_cost_ms=90-->
<!--DATA 2	fa1_pin	pp2048	21.17-->

### gemma4-12b-f16-fa-pin2x2 [fa0_unpin] pass 2  env='ROCKET_FLASH_ATTN=0'  args=''  19:59:56  clk=600 MHz  MemAvail=31234896 kB
<!--PRED 2	fa0_unpin	memavail_kb=31234896	anonhuge_kb=0	hugepagesz_kb=2048	buddy=4910,5863,8850,7877,6511,5184,4602,4053,2066,197,219-->
<!--RO 2	fa0_unpin	wall_s=331	busy=10428,10576,10691,10804,17804,15182,14916,15635	busy_tot=106036	busy_little_share=0.4008	a55_cpu_cycles=760346883639	a55_inst_retired=407306706503	context_switches=9524120	a76_cpu_cycles=1388026697688	a76_l3d_cache_refill=13128270599	a76_l2d_cache_refill=7271799533	cpu_migrations=50385	page_faults=693103	a76_dtlb_walk=750689759	a76_mem_access=754546008917	a76_inst_retired=2322582429778	a76_l1d_cache_refill=70318854254	a55_inst_share=0.1492	a76_ipc=1.673	l2ref_pki=3.131	l3ref_pki=5.652	l1dref_pki=30.276	memacc_pki=324.87	dtlbw_pki=0.3232	pmu_enabled=100.0	pmu_cpu_s=2638.7	who=at_s=8,rss_pg=6045789,settled=2	pfn_zero_frac=0.0000	maps=3	sampled=73728	present_frac=0.8177	l2color_cv=0.0090	l3color_cv=0.0177	contig_frac=0.8394	mean_run=6.2	vapa16=0.2134	gib_regions=32	anon_pg=12303	anon_l2cv=0.0071	anon_contig=0.9464	anon_run=18.0	anon_gib=32	file_pg=24576	file_l2cv=0.0017	file_contig=0.9938	file_run=123.5	file_gib=29	other_pg=23408	other_l2cv=0.0205	other_contig=0.6209	other_run=2.6	other_gib=32	ro_cost_ms=65-->
<!--DATA 2	fa0_unpin	pp2048	18.88-->

### gemma4-12b-f16-fa-pin2x2 [fa0_pin] pass 2  env='ROCKET_FLASH_ATTN=0 PIN_MASK=0xf0'  args='-t 4'  20:06:51  clk=600 MHz  MemAvail=31325120 kB
<!--PRED 2	fa0_pin	memavail_kb=31325120	anonhuge_kb=0	hugepagesz_kb=2048	buddy=4748,8965,11420,7815,6510,5119,4645,4009,2051,197,235-->
<!--RO 2	fa0_pin	wall_s=323	busy=211,219,323,272,19047,17047,16912,17255	busy_tot=71286	busy_little_share=0.0144	a55_cpu_cycles=39088913904	a55_inst_retired=8081142530	context_switches=9355139	a76_cpu_cycles=1516687393912	a76_l3d_cache_refill=13251332952	a76_l2d_cache_refill=7362366698	cpu_migrations=18202	page_faults=695280	a76_dtlb_walk=803905477	a76_mem_access=856052340644	a76_inst_retired=2595958418115	a76_l1d_cache_refill=126817452102	a55_inst_share=0.0031	a76_ipc=1.712	l2ref_pki=2.836	l3ref_pki=5.105	l1dref_pki=48.852	memacc_pki=329.76	dtlbw_pki=0.3097	pmu_enabled=100.0	pmu_cpu_s=2581.4	who=at_s=8,rss_pg=6044934,settled=2	pfn_zero_frac=0.0000	maps=3	sampled=73728	present_frac=0.8233	l2color_cv=0.0085	l3color_cv=0.0190	contig_frac=0.9110	mean_run=11.0	vapa16=0.0053	gib_regions=32	anon_pg=12974	anon_l2cv=0.0078	anon_contig=0.9391	anon_run=15.9	anon_gib=31	file_pg=24576	file_l2cv=0.0006	file_contig=0.9945	file_run=134.3	file_gib=29	other_pg=23148	other_l2cv=0.0235	other_contig=0.8066	other_run=5.1	other_gib=32	ro_cost_ms=102-->
<!--DATA 2	fa0_pin	pp2048	19.32-->

### gemma4-12b-f16-fa-pin2x2 [fa1_unpin] pass 2  env=''  args=''  20:13:44  clk=600 MHz  MemAvail=31313808 kB
<!--PRED 2	fa1_unpin	memavail_kb=31313808	anonhuge_kb=0	hugepagesz_kb=2048	buddy=6624,5900,11052,7733,6587,5112,4652,4014,2045,227,223-->
<!--RO 2	fa1_unpin	wall_s=317	busy=4139,4105,4084,4058,13818,9184,10149,11333	busy_tot=60870	busy_little_share=0.2692	a55_cpu_cycles=313549879222	a55_inst_retired=197200259391	context_switches=9853281	a76_cpu_cycles=985442816343	a76_l3d_cache_refill=14388878665	a76_l2d_cache_refill=6986973346	cpu_migrations=30762	page_faults=938027	a76_dtlb_walk=803566672	a76_mem_access=260497850559	a76_inst_retired=1202652846339	a76_l1d_cache_refill=15653220109	a55_inst_share=0.1409	a76_ipc=1.220	l2ref_pki=5.810	l3ref_pki=11.964	l1dref_pki=13.016	memacc_pki=216.60	dtlbw_pki=0.6682	pmu_enabled=100.0	pmu_cpu_s=2530.9	who=at_s=8,rss_pg=6045791,settled=2	pfn_zero_frac=0.0000	maps=3	sampled=73728	present_frac=0.8194	l2color_cv=0.0089	l3color_cv=0.0171	contig_frac=0.9286	mean_run=13.6	vapa16=0.0358	gib_regions=32	anon_pg=12296	anon_l2cv=0.0043	anon_contig=0.9758	anon_run=38.1	anon_gib=32	file_pg=24576	file_l2cv=0.0010	file_contig=0.9915	file_run=95.6	file_gib=29	other_pg=23540	other_l2cv=0.0217	other_contig=0.8382	other_run=6.1	other_gib=32	ro_cost_ms=72-->
<!--DATA 2	fa1_unpin	pp2048	19.69-->

### gemma4-12b-f16-fa-pin2x2 [fa0_unpin] pass 3  env='ROCKET_FLASH_ATTN=0'  args=''  20:20:31  clk=600 MHz  MemAvail=31224460 kB
<!--PRED 3	fa0_unpin	memavail_kb=31224460	anonhuge_kb=0	hugepagesz_kb=2048	buddy=3250,3491,8556,7748,6586,5193,4586,3999,2030,199,239-->
<!--RO 3	fa0_unpin	wall_s=328	busy=10491,10626,10807,10837,17568,15231,15091,15637	busy_tot=106288	busy_little_share=0.4023	a55_cpu_cycles=765432408649	a55_inst_retired=413010041232	context_switches=9507163	a76_cpu_cycles=1383722010569	a76_l3d_cache_refill=13120235038	a76_l2d_cache_refill=7114031726	cpu_migrations=50569	page_faults=693575	a76_dtlb_walk=741389031	a76_mem_access=753239326045	a76_inst_retired=2317313375192	a76_l1d_cache_refill=70168778798	a55_inst_share=0.1513	a76_ipc=1.675	l2ref_pki=3.070	l3ref_pki=5.662	l1dref_pki=30.280	memacc_pki=325.05	dtlbw_pki=0.3199	pmu_enabled=100.0	pmu_cpu_s=2619.1	who=at_s=8,rss_pg=6045796,settled=2	pfn_zero_frac=0.0000	maps=3	sampled=73728	present_frac=0.8159	l2color_cv=0.0074	l3color_cv=0.0152	contig_frac=0.9445	mean_run=17.4	vapa16=0.0407	gib_regions=32	anon_pg=12303	anon_l2cv=0.0109	anon_contig=0.9415	anon_run=16.5	anon_gib=31	file_pg=24576	file_l2cv=0.0028	file_contig=0.9871	file_run=67.5	file_gib=29	other_pg=23274	other_l2cv=0.0187	other_contig=0.9011	other_run=9.9	other_gib=32	ro_cost_ms=63-->
<!--DATA 3	fa0_unpin	pp2048	19.02-->

### gemma4-12b-f16-fa-pin2x2 [fa0_pin] pass 3  env='ROCKET_FLASH_ATTN=0 PIN_MASK=0xf0'  args='-t 4'  20:27:23  clk=600 MHz  MemAvail=31231372 kB
<!--PRED 3	fa0_pin	memavail_kb=31231372	anonhuge_kb=0	hugepagesz_kb=2048	buddy=4415,2277,7871,7482,6427,5285,4680,3988,2035,200,241-->
<!--RO 3	fa0_pin	wall_s=316	busy=307,264,236,215,18940,16959,16818,17308	busy_tot=71047	busy_little_share=0.0144	a55_cpu_cycles=38524834791	a55_inst_retired=8021838652	context_switches=9337158	a76_cpu_cycles=1513784676235	a76_l3d_cache_refill=13217107117	a76_l2d_cache_refill=7345991811	cpu_migrations=18297	page_faults=694300	a76_dtlb_walk=778543127	a76_mem_access=855947230639	a76_inst_retired=2595391316901	a76_l1d_cache_refill=126817645499	a55_inst_share=0.0031	a76_ipc=1.715	l2ref_pki=2.830	l3ref_pki=5.093	l1dref_pki=48.863	memacc_pki=329.80	dtlbw_pki=0.3000	pmu_enabled=100.0	pmu_cpu_s=2523.3	who=at_s=8,rss_pg=6044932,settled=2	pfn_zero_frac=0.0000	maps=3	sampled=73728	present_frac=0.8291	l2color_cv=0.0122	l3color_cv=0.0189	contig_frac=0.9056	mean_run=10.4	vapa16=0.0064	gib_regions=32	anon_pg=13050	anon_l2cv=0.0167	anon_contig=0.9054	anon_run=10.4	anon_gib=32	file_pg=24576	file_l2cv=0.0023	file_contig=0.9938	file_run=122.9	file_gib=31	other_pg=23499	other_l2cv=0.0401	other_contig=0.8134	other_run=5.3	other_gib=32	ro_cost_ms=79-->
<!--DATA 3	fa0_pin	pp2048	19.77-->

### gemma4-12b-f16-fa-pin2x2 [fa1_unpin] pass 3  env=''  args=''  20:34:09  clk=600 MHz  MemAvail=31252972 kB
<!--PRED 3	fa1_unpin	memavail_kb=31252680	anonhuge_kb=0	hugepagesz_kb=2048	buddy=4456,6421,9021,7630,6474,5204,4674,3995,2037,208,229-->
<!--RO 3	fa1_unpin	wall_s=317	busy=4095,4077,4061,4076,14062,9081,9349,12169	busy_tot=60970	busy_little_share=0.2675	a55_cpu_cycles=311982818468	a55_inst_retired=195392971197	context_switches=9848130	a76_cpu_cycles=987694550922	a76_l3d_cache_refill=14389988682	a76_l2d_cache_refill=6984880943	cpu_migrations=30436	page_faults=939127	a76_dtlb_walk=792638930	a76_mem_access=260567689820	a76_inst_retired=1204225642130	a76_l1d_cache_refill=15663629842	a55_inst_share=0.1396	a76_ipc=1.219	l2ref_pki=5.800	l3ref_pki=11.950	l1dref_pki=13.007	memacc_pki=216.38	dtlbw_pki=0.6582	pmu_enabled=100.0	pmu_cpu_s=2525.8	who=at_s=8,rss_pg=6045797,settled=2	pfn_zero_frac=0.0000	maps=3	sampled=73728	present_frac=0.8123	l2color_cv=0.0060	l3color_cv=0.0133	contig_frac=0.9082	mean_run=10.7	vapa16=0.2113	gib_regions=32	anon_pg=12295	anon_l2cv=0.0064	anon_contig=0.9731	anon_run=34.6	anon_gib=32	file_pg=24576	file_l2cv=0.0019	file_contig=0.9880	file_run=71.7	file_gib=28	other_pg=23016	other_l2cv=0.0132	other_contig=0.7882	other_run=4.7	other_gib=32	ro_cost_ms=73-->
<!--DATA 3	fa1_unpin	pp2048	19.76-->

### gemma4-12b-f16-fa-pin2x2 [fa1_pin] pass 3  env='PIN_MASK=0xf0'  args='-t 4'  20:40:49  clk=600 MHz  MemAvail=31239092 kB
<!--PRED 3	fa1_pin	memavail_kb=31239092	anonhuge_kb=0	hugepagesz_kb=2048	buddy=2304,4596,8692,7784,6656,5259,4542,4011,2054,248,208-->
<!--RO 3	fa1_pin	wall_s=297	busy=295,216,285,250,14129,9508,9787,12498	busy_tot=46968	busy_little_share=0.0223	a55_cpu_cycles=41439980831	a55_inst_retired=8257544231	context_switches=9723337	a76_cpu_cycles=1015534588087	a76_l3d_cache_refill=15037357355	a76_l2d_cache_refill=7120911394	cpu_migrations=19488	page_faults=945195	a76_dtlb_walk=828421873	a76_mem_access=278720775203	a76_inst_retired=1289436566237	a76_l1d_cache_refill=20067021606	a55_inst_share=0.0064	a76_ipc=1.270	l2ref_pki=5.522	l3ref_pki=11.662	l1dref_pki=15.563	memacc_pki=216.16	dtlbw_pki=0.6425	pmu_enabled=100.0	pmu_cpu_s=2366.7	who=at_s=8,rss_pg=6044931,settled=2	pfn_zero_frac=0.0000	maps=3	sampled=73728	present_frac=0.8231	l2color_cv=0.0120	l3color_cv=0.0209	contig_frac=0.9103	mean_run=10.9	vapa16=0.0380	gib_regions=32	anon_pg=12932	anon_l2cv=0.0082	anon_contig=0.9446	anon_run=17.5	anon_gib=32	file_pg=24576	file_l2cv=0.0029	file_contig=0.9847	file_run=58.0	file_gib=30	other_pg=23179	other_l2cv=0.0330	other_contig=0.8123	other_run=5.3	other_gib=32	ro_cost_ms=89-->
<!--DATA 3	fa1_pin	pp2048	21.11-->

#### summary: per-arm mean over 3 passes, ratios paired within a pass against [fa1_unpin]
| test | arm | mean t/s | n | min | max | paired ratio | per-pass ratios |
|---|---|---:|---:|---:|---:|---:|---|
| pp2048 | fa1_unpin | 19.76 | 3 | 19.69 | 19.84 | -- | -- |
| pp2048 | fa1_pin | 21.07 | 3 | 20.94 | 21.17 | 1.066x | 1.055 1.075 1.068 |
| pp2048 | fa0_unpin | 18.91 | 3 | 18.83 | 19.02 | 0.957x | 0.949 0.959 0.963 |
| pp2048 | fa0_pin | 19.54 | 3 | 19.32 | 19.77 | 0.989x | 0.984 0.981 1.001 |

[2026-09-03T20:45:46+00:00] rc=0 TRACKD32-ALL-DONE
--- residency control: every arm must report 0 resident ---
gemma4-12b-f16-fa-pin2x2.fa0_pin.p1.err: gemma4-12b-f16-fa-pin2x2.fa0_pin.p2.err: gemma4-12b-f16-fa-pin2x2.fa0_pin.p3.err: gemma4-12b-f16-fa-pin2x2.fa0_unpin.p1.err: gemma4-12b-f16-fa-pin2x2.fa0_unpin.p2.err: gemma4-12b-f16-fa-pin2x2.fa0_unpin.p3.err: gemma4-12b-f16-fa-pin2x2.fa1_pin.p1.err: gemma4-12b-f16-fa-pin2x2.fa1_pin.p2.err: gemma4-12b-f16-fa-pin2x2.fa1_pin.p3.err: gemma4-12b-f16-fa-pin2x2.fa1_unpin.p1.err: gemma4-12b-f16-fa-pin2x2.fa1_unpin.p2.err: gemma4-12b-f16-fa-pin2x2.fa1_unpin.p3.err: 