[2026-09-26T21:28:10+00:00] FA per-op checksum level 3, 20 runs at ROCKET_FA_THREADS=1, dump op 189
  so=15b391d2d447efbcb5c611b6c6f0b031
  librocketnpu.a=1fd95700abdad3143afdd04c6458b5f1
  governor=ondemand power=auto
run 1 rc=0 hash=8852206bf3ccda62 ops=288 2026-09-26T21:32:48+00:00
run 2 rc=0 hash=8852206bf3ccda62 ops=288 2026-09-26T21:37:28+00:00
run 3 rc=0 hash=345a87c827fa972b ops=288 2026-09-26T21:42:09+00:00
run 4 rc=0 hash=8852206bf3ccda62 ops=288 2026-09-26T21:46:50+00:00
run 5 rc=0 hash=345a87c827fa972b ops=288 2026-09-26T21:51:32+00:00
run 6 rc=0 hash=345a87c827fa972b ops=288 2026-09-26T21:56:13+00:00
run 7 rc=0 hash=8852206bf3ccda62 ops=288 2026-09-26T22:00:53+00:00
run 8 rc=0 hash=8852206bf3ccda62 ops=288 2026-09-26T22:05:35+00:00
run 9 rc=0 hash=8852206bf3ccda62 ops=288 2026-09-26T22:10:17+00:00
run 10 rc=0 hash=8852206bf3ccda62 ops=288 2026-09-26T22:14:58+00:00
run 11 rc=0 hash=8852206bf3ccda62 ops=288 2026-09-26T22:19:38+00:00
run 12 rc=0 hash=345a87c827fa972b ops=288 2026-09-26T22:24:19+00:00
run 13 rc=0 hash=8852206bf3ccda62 ops=288 2026-09-26T22:29:00+00:00
run 14 rc=0 hash=345a87c827fa972b ops=288 2026-09-26T22:33:40+00:00
run 15 rc=0 hash=345a87c827fa972b ops=288 2026-09-26T22:38:20+00:00
run 16 rc=0 hash=8852206bf3ccda62 ops=288 2026-09-26T22:43:02+00:00
run 17 rc=0 hash=8852206bf3ccda62 ops=288 2026-09-26T22:47:44+00:00
run 18 rc=0 hash=8852206bf3ccda62 ops=288 2026-09-26T22:52:25+00:00
run 19 rc=0 hash=8852206bf3ccda62 ops=288 2026-09-26T22:57:05+00:00
run 20 rc=0 hash=8852206bf3ccda62 ops=288 2026-09-26T23:01:48+00:00
--- hash counts ---
     14 hash=8852206bf3ccda62
      6 hash=345a87c827fa972b
--- per-op diffs against run 1, which printed the modal 8852206bf3ccda62 ---
  run 1 vs run 3: 7 differing op lines
190,192c190,192
< op 0189: 08015c31994ed37a n_tokens=512 n_head=16 n_kv=1024 bytes=8388608 q=9927c21cc086779f k=1cebadeb645dabcf v=58549e06beb05e6d m=7e4bb95a8f932325
< op 0190: 798f1b7d66ff7b5f n_tokens=512 n_head=16 n_kv=1024 bytes=8388608 q=3f4c02893cc3483f k=3a94cbb54d071d94 v=b97b348bf8891e78 m=7e4bb95a8f932325
< op 0191: 286935b0cf717663 n_tokens=512 n_head=16 n_kv=1024 bytes=16777216 q=308b4efc6284141b k=07c907b5ae52f375 v=981b9ce2a68abcea m=7e4bb95a8f932325
---
> op 0189: 5c35f16b14aa7f9a n_tokens=512 n_head=16 n_kv=1024 bytes=8388608 q=9927c21cc086779f k=1cebadeb645dabcf v=58549e06beb05e6d m=7e4bb95a8f932325
> op 0190: 87eb4bf5f3eb1baf n_tokens=512 n_head=16 n_kv=1024 bytes=8388608 q=13e6ed2ce9feb312 k=3c346c2cac259fa3 v=9eb542b9bc97dd61 m=7e4bb95a8f932325
> op 0191: 9c48a2a3c399446c n_tokens=512 n_head=16 n_kv=1024 bytes=16777216 q=5e1470cd87a774ea k=ed29c027881d08ab v=98012001d417aa09 m=7e4bb95a8f932325
239,240c239,240
< op 0238: 1d9c8dce4741bdbc n_tokens=512 n_head=16 n_kv=1536 bytes=8388608 q=445652ce0ae60e23 k=e6d43e477ed71ce9 v=2e8b52b26cbec779 m=200466963d222325
< op 0239: 4bc38da14ae3ac0a n_tokens=512 n_head=16 n_kv=1536 bytes=16777216 q=650b636629aad366 k=4664ec786a6256f1 v=cc958d5a249e3bf2 m=6fe611f146732325
---
> op 0238: df906fdebeb14948 n_tokens=512 n_head=16 n_kv=1536 bytes=8388608 q=445652ce0ae60e23 k=b554b20312a3a00a v=db322605cf9fb91c m=200466963d222325
> op 0239: d2c010bb91b040d8 n_tokens=512 n_head=16 n_kv=1536 bytes=16777216 q=f376a43b2fb6875b k=46cb74cf34fa2764 v=1d24cc309a1d65a7 m=6fe611f146732325
287,288c287,288
< op 0286: 706592c6452680ee n_tokens=512 n_head=16 n_kv=1536 bytes=8388608 q=8f08792730065e19 k=2d287bfe9cd6377b v=3bd107f3476fd40b m=dfd0df64e3c22325
  run 1 vs run 5: 7 differing op lines
190,192c190,192
< op 0189: 08015c31994ed37a n_tokens=512 n_head=16 n_kv=1024 bytes=8388608 q=9927c21cc086779f k=1cebadeb645dabcf v=58549e06beb05e6d m=7e4bb95a8f932325
< op 0190: 798f1b7d66ff7b5f n_tokens=512 n_head=16 n_kv=1024 bytes=8388608 q=3f4c02893cc3483f k=3a94cbb54d071d94 v=b97b348bf8891e78 m=7e4bb95a8f932325
< op 0191: 286935b0cf717663 n_tokens=512 n_head=16 n_kv=1024 bytes=16777216 q=308b4efc6284141b k=07c907b5ae52f375 v=981b9ce2a68abcea m=7e4bb95a8f932325
---
> op 0189: 5c35f16b14aa7f9a n_tokens=512 n_head=16 n_kv=1024 bytes=8388608 q=9927c21cc086779f k=1cebadeb645dabcf v=58549e06beb05e6d m=7e4bb95a8f932325
> op 0190: 87eb4bf5f3eb1baf n_tokens=512 n_head=16 n_kv=1024 bytes=8388608 q=13e6ed2ce9feb312 k=3c346c2cac259fa3 v=9eb542b9bc97dd61 m=7e4bb95a8f932325
> op 0191: 9c48a2a3c399446c n_tokens=512 n_head=16 n_kv=1024 bytes=16777216 q=5e1470cd87a774ea k=ed29c027881d08ab v=98012001d417aa09 m=7e4bb95a8f932325
239,240c239,240
< op 0238: 1d9c8dce4741bdbc n_tokens=512 n_head=16 n_kv=1536 bytes=8388608 q=445652ce0ae60e23 k=e6d43e477ed71ce9 v=2e8b52b26cbec779 m=200466963d222325
< op 0239: 4bc38da14ae3ac0a n_tokens=512 n_head=16 n_kv=1536 bytes=16777216 q=650b636629aad366 k=4664ec786a6256f1 v=cc958d5a249e3bf2 m=6fe611f146732325
---
> op 0238: df906fdebeb14948 n_tokens=512 n_head=16 n_kv=1536 bytes=8388608 q=445652ce0ae60e23 k=b554b20312a3a00a v=db322605cf9fb91c m=200466963d222325
> op 0239: d2c010bb91b040d8 n_tokens=512 n_head=16 n_kv=1536 bytes=16777216 q=f376a43b2fb6875b k=46cb74cf34fa2764 v=1d24cc309a1d65a7 m=6fe611f146732325
287,288c287,288
< op 0286: 706592c6452680ee n_tokens=512 n_head=16 n_kv=1536 bytes=8388608 q=8f08792730065e19 k=2d287bfe9cd6377b v=3bd107f3476fd40b m=dfd0df64e3c22325
  run 1 vs run 6: 7 differing op lines
190,192c190,192
< op 0189: 08015c31994ed37a n_tokens=512 n_head=16 n_kv=1024 bytes=8388608 q=9927c21cc086779f k=1cebadeb645dabcf v=58549e06beb05e6d m=7e4bb95a8f932325
< op 0190: 798f1b7d66ff7b5f n_tokens=512 n_head=16 n_kv=1024 bytes=8388608 q=3f4c02893cc3483f k=3a94cbb54d071d94 v=b97b348bf8891e78 m=7e4bb95a8f932325
< op 0191: 286935b0cf717663 n_tokens=512 n_head=16 n_kv=1024 bytes=16777216 q=308b4efc6284141b k=07c907b5ae52f375 v=981b9ce2a68abcea m=7e4bb95a8f932325
---
> op 0189: 5c35f16b14aa7f9a n_tokens=512 n_head=16 n_kv=1024 bytes=8388608 q=9927c21cc086779f k=1cebadeb645dabcf v=58549e06beb05e6d m=7e4bb95a8f932325
> op 0190: 87eb4bf5f3eb1baf n_tokens=512 n_head=16 n_kv=1024 bytes=8388608 q=13e6ed2ce9feb312 k=3c346c2cac259fa3 v=9eb542b9bc97dd61 m=7e4bb95a8f932325
> op 0191: 9c48a2a3c399446c n_tokens=512 n_head=16 n_kv=1024 bytes=16777216 q=5e1470cd87a774ea k=ed29c027881d08ab v=98012001d417aa09 m=7e4bb95a8f932325
239,240c239,240
< op 0238: 1d9c8dce4741bdbc n_tokens=512 n_head=16 n_kv=1536 bytes=8388608 q=445652ce0ae60e23 k=e6d43e477ed71ce9 v=2e8b52b26cbec779 m=200466963d222325
< op 0239: 4bc38da14ae3ac0a n_tokens=512 n_head=16 n_kv=1536 bytes=16777216 q=650b636629aad366 k=4664ec786a6256f1 v=cc958d5a249e3bf2 m=6fe611f146732325
---
> op 0238: df906fdebeb14948 n_tokens=512 n_head=16 n_kv=1536 bytes=8388608 q=445652ce0ae60e23 k=b554b20312a3a00a v=db322605cf9fb91c m=200466963d222325
> op 0239: d2c010bb91b040d8 n_tokens=512 n_head=16 n_kv=1536 bytes=16777216 q=f376a43b2fb6875b k=46cb74cf34fa2764 v=1d24cc309a1d65a7 m=6fe611f146732325
287,288c287,288
< op 0286: 706592c6452680ee n_tokens=512 n_head=16 n_kv=1536 bytes=8388608 q=8f08792730065e19 k=2d287bfe9cd6377b v=3bd107f3476fd40b m=dfd0df64e3c22325
  run 1 vs run 12: 7 differing op lines
190,192c190,192
< op 0189: 08015c31994ed37a n_tokens=512 n_head=16 n_kv=1024 bytes=8388608 q=9927c21cc086779f k=1cebadeb645dabcf v=58549e06beb05e6d m=7e4bb95a8f932325
< op 0190: 798f1b7d66ff7b5f n_tokens=512 n_head=16 n_kv=1024 bytes=8388608 q=3f4c02893cc3483f k=3a94cbb54d071d94 v=b97b348bf8891e78 m=7e4bb95a8f932325
< op 0191: 286935b0cf717663 n_tokens=512 n_head=16 n_kv=1024 bytes=16777216 q=308b4efc6284141b k=07c907b5ae52f375 v=981b9ce2a68abcea m=7e4bb95a8f932325
---
> op 0189: 5c35f16b14aa7f9a n_tokens=512 n_head=16 n_kv=1024 bytes=8388608 q=9927c21cc086779f k=1cebadeb645dabcf v=58549e06beb05e6d m=7e4bb95a8f932325
> op 0190: 87eb4bf5f3eb1baf n_tokens=512 n_head=16 n_kv=1024 bytes=8388608 q=13e6ed2ce9feb312 k=3c346c2cac259fa3 v=9eb542b9bc97dd61 m=7e4bb95a8f932325
> op 0191: 9c48a2a3c399446c n_tokens=512 n_head=16 n_kv=1024 bytes=16777216 q=5e1470cd87a774ea k=ed29c027881d08ab v=98012001d417aa09 m=7e4bb95a8f932325
239,240c239,240
< op 0238: 1d9c8dce4741bdbc n_tokens=512 n_head=16 n_kv=1536 bytes=8388608 q=445652ce0ae60e23 k=e6d43e477ed71ce9 v=2e8b52b26cbec779 m=200466963d222325
< op 0239: 4bc38da14ae3ac0a n_tokens=512 n_head=16 n_kv=1536 bytes=16777216 q=650b636629aad366 k=4664ec786a6256f1 v=cc958d5a249e3bf2 m=6fe611f146732325
---
> op 0238: df906fdebeb14948 n_tokens=512 n_head=16 n_kv=1536 bytes=8388608 q=445652ce0ae60e23 k=b554b20312a3a00a v=db322605cf9fb91c m=200466963d222325
> op 0239: d2c010bb91b040d8 n_tokens=512 n_head=16 n_kv=1536 bytes=16777216 q=f376a43b2fb6875b k=46cb74cf34fa2764 v=1d24cc309a1d65a7 m=6fe611f146732325
287,288c287,288
< op 0286: 706592c6452680ee n_tokens=512 n_head=16 n_kv=1536 bytes=8388608 q=8f08792730065e19 k=2d287bfe9cd6377b v=3bd107f3476fd40b m=dfd0df64e3c22325
  run 1 vs run 14: 7 differing op lines
190,192c190,192
< op 0189: 08015c31994ed37a n_tokens=512 n_head=16 n_kv=1024 bytes=8388608 q=9927c21cc086779f k=1cebadeb645dabcf v=58549e06beb05e6d m=7e4bb95a8f932325
< op 0190: 798f1b7d66ff7b5f n_tokens=512 n_head=16 n_kv=1024 bytes=8388608 q=3f4c02893cc3483f k=3a94cbb54d071d94 v=b97b348bf8891e78 m=7e4bb95a8f932325
< op 0191: 286935b0cf717663 n_tokens=512 n_head=16 n_kv=1024 bytes=16777216 q=308b4efc6284141b k=07c907b5ae52f375 v=981b9ce2a68abcea m=7e4bb95a8f932325
---
> op 0189: 5c35f16b14aa7f9a n_tokens=512 n_head=16 n_kv=1024 bytes=8388608 q=9927c21cc086779f k=1cebadeb645dabcf v=58549e06beb05e6d m=7e4bb95a8f932325
> op 0190: 87eb4bf5f3eb1baf n_tokens=512 n_head=16 n_kv=1024 bytes=8388608 q=13e6ed2ce9feb312 k=3c346c2cac259fa3 v=9eb542b9bc97dd61 m=7e4bb95a8f932325
> op 0191: 9c48a2a3c399446c n_tokens=512 n_head=16 n_kv=1024 bytes=16777216 q=5e1470cd87a774ea k=ed29c027881d08ab v=98012001d417aa09 m=7e4bb95a8f932325
239,240c239,240
< op 0238: 1d9c8dce4741bdbc n_tokens=512 n_head=16 n_kv=1536 bytes=8388608 q=445652ce0ae60e23 k=e6d43e477ed71ce9 v=2e8b52b26cbec779 m=200466963d222325
< op 0239: 4bc38da14ae3ac0a n_tokens=512 n_head=16 n_kv=1536 bytes=16777216 q=650b636629aad366 k=4664ec786a6256f1 v=cc958d5a249e3bf2 m=6fe611f146732325
---
> op 0238: df906fdebeb14948 n_tokens=512 n_head=16 n_kv=1536 bytes=8388608 q=445652ce0ae60e23 k=b554b20312a3a00a v=db322605cf9fb91c m=200466963d222325
> op 0239: d2c010bb91b040d8 n_tokens=512 n_head=16 n_kv=1536 bytes=16777216 q=f376a43b2fb6875b k=46cb74cf34fa2764 v=1d24cc309a1d65a7 m=6fe611f146732325
287,288c287,288
< op 0286: 706592c6452680ee n_tokens=512 n_head=16 n_kv=1536 bytes=8388608 q=8f08792730065e19 k=2d287bfe9cd6377b v=3bd107f3476fd40b m=dfd0df64e3c22325
  run 1 vs run 15: 7 differing op lines
190,192c190,192
< op 0189: 08015c31994ed37a n_tokens=512 n_head=16 n_kv=1024 bytes=8388608 q=9927c21cc086779f k=1cebadeb645dabcf v=58549e06beb05e6d m=7e4bb95a8f932325
< op 0190: 798f1b7d66ff7b5f n_tokens=512 n_head=16 n_kv=1024 bytes=8388608 q=3f4c02893cc3483f k=3a94cbb54d071d94 v=b97b348bf8891e78 m=7e4bb95a8f932325
< op 0191: 286935b0cf717663 n_tokens=512 n_head=16 n_kv=1024 bytes=16777216 q=308b4efc6284141b k=07c907b5ae52f375 v=981b9ce2a68abcea m=7e4bb95a8f932325
---
> op 0189: 5c35f16b14aa7f9a n_tokens=512 n_head=16 n_kv=1024 bytes=8388608 q=9927c21cc086779f k=1cebadeb645dabcf v=58549e06beb05e6d m=7e4bb95a8f932325
> op 0190: 87eb4bf5f3eb1baf n_tokens=512 n_head=16 n_kv=1024 bytes=8388608 q=13e6ed2ce9feb312 k=3c346c2cac259fa3 v=9eb542b9bc97dd61 m=7e4bb95a8f932325
> op 0191: 9c48a2a3c399446c n_tokens=512 n_head=16 n_kv=1024 bytes=16777216 q=5e1470cd87a774ea k=ed29c027881d08ab v=98012001d417aa09 m=7e4bb95a8f932325
239,240c239,240
< op 0238: 1d9c8dce4741bdbc n_tokens=512 n_head=16 n_kv=1536 bytes=8388608 q=445652ce0ae60e23 k=e6d43e477ed71ce9 v=2e8b52b26cbec779 m=200466963d222325
< op 0239: 4bc38da14ae3ac0a n_tokens=512 n_head=16 n_kv=1536 bytes=16777216 q=650b636629aad366 k=4664ec786a6256f1 v=cc958d5a249e3bf2 m=6fe611f146732325
---
> op 0238: df906fdebeb14948 n_tokens=512 n_head=16 n_kv=1536 bytes=8388608 q=445652ce0ae60e23 k=b554b20312a3a00a v=db322605cf9fb91c m=200466963d222325
> op 0239: d2c010bb91b040d8 n_tokens=512 n_head=16 n_kv=1536 bytes=16777216 q=f376a43b2fb6875b k=46cb74cf34fa2764 v=1d24cc309a1d65a7 m=6fe611f146732325
287,288c287,288
< op 0286: 706592c6452680ee n_tokens=512 n_head=16 n_kv=1536 bytes=8388608 q=8f08792730065e19 k=2d287bfe9cd6377b v=3bd107f3476fd40b m=dfd0df64e3c22325
[2026-09-26T23:01:49+00:00] INPUTS-DONE
