[2026-09-26T00:33:45+00:00] FA per-op checksum, 20 runs at ROCKET_FA_THREADS=1
  so=138de09d05f235f8c50c7d9d7df3eaa5
  librocketnpu.a=1fd95700abdad3143afdd04c6458b5f1
run 1 rc=0 hash=8852206bf3ccda62 ops=288
run 2 rc=0 hash=8852206bf3ccda62 ops=288
run 3 rc=0 hash=8852206bf3ccda62 ops=288
run 4 rc=0 hash=8852206bf3ccda62 ops=288
run 5 rc=0 hash=8852206bf3ccda62 ops=288
run 6 rc=0 hash=8852206bf3ccda62 ops=288
run 7 rc=0 hash=8852206bf3ccda62 ops=288
run 8 rc=0 hash=8852206bf3ccda62 ops=288
run 9 rc=0 hash=345a87c827fa972b ops=288
run 10 rc=0 hash=345a87c827fa972b ops=288
run 11 rc=0 hash=345a87c827fa972b ops=288
run 12 rc=0 hash=8852206bf3ccda62 ops=288
run 13 rc=0 hash=345a87c827fa972b ops=288
run 14 rc=0 hash=8852206bf3ccda62 ops=288
run 15 rc=0 hash=8852206bf3ccda62 ops=288
run 16 rc=0 hash=345a87c827fa972b ops=288
run 17 rc=0 hash=8852206bf3ccda62 ops=288
run 18 rc=0 hash=8852206bf3ccda62 ops=288
run 19 rc=0 hash=8852206bf3ccda62 ops=288
run 20 rc=0 hash=8852206bf3ccda62 ops=288
--- hash counts ---
     15 hash=8852206bf3ccda62
      5 hash=345a87c827fa972b
--- per-op diffs against run 1, which printed the modal 8852206bf3ccda62 ---
  run 1 vs run 9: 7 differing op lines
190,192c190,192
< op 0189: 08015c31994ed37a n_tokens=512 n_head=16 n_kv=1024 bytes=8388608
< op 0190: 798f1b7d66ff7b5f n_tokens=512 n_head=16 n_kv=1024 bytes=8388608
< op 0191: 286935b0cf717663 n_tokens=512 n_head=16 n_kv=1024 bytes=16777216
---
> op 0189: 5c35f16b14aa7f9a n_tokens=512 n_head=16 n_kv=1024 bytes=8388608
> op 0190: 87eb4bf5f3eb1baf n_tokens=512 n_head=16 n_kv=1024 bytes=8388608
> op 0191: 9c48a2a3c399446c n_tokens=512 n_head=16 n_kv=1024 bytes=16777216
239,240c239,240
< op 0238: 1d9c8dce4741bdbc n_tokens=512 n_head=16 n_kv=1536 bytes=8388608
< op 0239: 4bc38da14ae3ac0a n_tokens=512 n_head=16 n_kv=1536 bytes=16777216
---
  run 1 vs run 10: 7 differing op lines
190,192c190,192
< op 0189: 08015c31994ed37a n_tokens=512 n_head=16 n_kv=1024 bytes=8388608
< op 0190: 798f1b7d66ff7b5f n_tokens=512 n_head=16 n_kv=1024 bytes=8388608
< op 0191: 286935b0cf717663 n_tokens=512 n_head=16 n_kv=1024 bytes=16777216
---
> op 0189: 5c35f16b14aa7f9a n_tokens=512 n_head=16 n_kv=1024 bytes=8388608
> op 0190: 87eb4bf5f3eb1baf n_tokens=512 n_head=16 n_kv=1024 bytes=8388608
> op 0191: 9c48a2a3c399446c n_tokens=512 n_head=16 n_kv=1024 bytes=16777216
239,240c239,240
< op 0238: 1d9c8dce4741bdbc n_tokens=512 n_head=16 n_kv=1536 bytes=8388608
< op 0239: 4bc38da14ae3ac0a n_tokens=512 n_head=16 n_kv=1536 bytes=16777216
---
  run 1 vs run 11: 7 differing op lines
190,192c190,192
< op 0189: 08015c31994ed37a n_tokens=512 n_head=16 n_kv=1024 bytes=8388608
< op 0190: 798f1b7d66ff7b5f n_tokens=512 n_head=16 n_kv=1024 bytes=8388608
< op 0191: 286935b0cf717663 n_tokens=512 n_head=16 n_kv=1024 bytes=16777216
---
> op 0189: 5c35f16b14aa7f9a n_tokens=512 n_head=16 n_kv=1024 bytes=8388608
> op 0190: 87eb4bf5f3eb1baf n_tokens=512 n_head=16 n_kv=1024 bytes=8388608
> op 0191: 9c48a2a3c399446c n_tokens=512 n_head=16 n_kv=1024 bytes=16777216
239,240c239,240
< op 0238: 1d9c8dce4741bdbc n_tokens=512 n_head=16 n_kv=1536 bytes=8388608
< op 0239: 4bc38da14ae3ac0a n_tokens=512 n_head=16 n_kv=1536 bytes=16777216
---
  run 1 vs run 13: 7 differing op lines
190,192c190,192
< op 0189: 08015c31994ed37a n_tokens=512 n_head=16 n_kv=1024 bytes=8388608
< op 0190: 798f1b7d66ff7b5f n_tokens=512 n_head=16 n_kv=1024 bytes=8388608
< op 0191: 286935b0cf717663 n_tokens=512 n_head=16 n_kv=1024 bytes=16777216
---
> op 0189: 5c35f16b14aa7f9a n_tokens=512 n_head=16 n_kv=1024 bytes=8388608
> op 0190: 87eb4bf5f3eb1baf n_tokens=512 n_head=16 n_kv=1024 bytes=8388608
> op 0191: 9c48a2a3c399446c n_tokens=512 n_head=16 n_kv=1024 bytes=16777216
239,240c239,240
< op 0238: 1d9c8dce4741bdbc n_tokens=512 n_head=16 n_kv=1536 bytes=8388608
< op 0239: 4bc38da14ae3ac0a n_tokens=512 n_head=16 n_kv=1536 bytes=16777216
---
  run 1 vs run 16: 7 differing op lines
190,192c190,192
< op 0189: 08015c31994ed37a n_tokens=512 n_head=16 n_kv=1024 bytes=8388608
< op 0190: 798f1b7d66ff7b5f n_tokens=512 n_head=16 n_kv=1024 bytes=8388608
< op 0191: 286935b0cf717663 n_tokens=512 n_head=16 n_kv=1024 bytes=16777216
---
> op 0189: 5c35f16b14aa7f9a n_tokens=512 n_head=16 n_kv=1024 bytes=8388608
> op 0190: 87eb4bf5f3eb1baf n_tokens=512 n_head=16 n_kv=1024 bytes=8388608
> op 0191: 9c48a2a3c399446c n_tokens=512 n_head=16 n_kv=1024 bytes=16777216
239,240c239,240
< op 0238: 1d9c8dce4741bdbc n_tokens=512 n_head=16 n_kv=1536 bytes=8388608
< op 0239: 4bc38da14ae3ac0a n_tokens=512 n_head=16 n_kv=1536 bytes=16777216
---
[2026-09-26T02:00:33+00:00] RATE-DONE
